// Jest Snapshot v1, https://goo.gl/fbAQLP

exports[`<App /> It renders nothing before radar is loaded 1`] = `""`;
