// Jest Snapshot v1, https://goo.gl/fbAQLP

exports[`<NotFound /> It renders not found 1`] = `
<Fragment>
  <Navigation
    entry={null}
    home={
      Array [
        Object {
          "dirname": "test1",
          "name": "Test 1",
        },
        Object {
          "dirname": "test2",
          "name": "Test 2",
        },
        Object {
          "dirname": "dev",
          "name": "Development",
        },
        Object {
          "dirname": "test4",
          "name": "Test 4",
        },
      ]
    }
    quadrant={null}
  />
  <div
    className="container"
  >
    <div
      className="row"
    >
      <div
        className="container"
      >
        <h1>
          Not Found
        </h1>
        <p>
          The requested resource was not found. You might have mistyped something or found a broken link.
        </p>
      </div>
    </div>
  </div>
</Fragment>
`;
